Resolving dependencies...
Downloading packages...
  _fe_analyzer_shared 67.0.0 (104.0.0 available)
  analyzer 6.4.1 (14.0.0 available)
  build 2.4.1 (4.0.6 available)
  build_config 1.1.2 (1.3.0 available)
  build_resolvers 2.4.2 (3.0.4 available)
  build_runner 2.4.13 (2.15.0 available)
  build_runner_core 7.3.2 (9.3.2 available)
  cli_util 0.4.2 (0.5.1 available)
  dart_style 2.3.6 (3.1.9 available)
  flutter_lints 4.0.0 (6.0.0 available)
  lints 4.0.0 (6.1.0 available)
  matcher 0.12.19 (0.12.20 available)
  meta 1.18.0 (1.18.3 available)
  package_config 2.2.0 (3.0.0 available)
  path_provider_linux 2.2.1 (2.2.2 available)
  shelf_web_socket 2.0.1 (3.0.0 available)
  source_gen 1.5.0 (4.2.3 available)
  source_helper 1.3.5 (1.3.12 available)
  test_api 0.7.11 (0.7.13 available)
  vector_math 2.2.0 (2.4.0 available)
Got dependencies!
20 packages have newer versions incompatible with dependency constraints.
Try `flutter pub outdated` for more information.
00:00 +0: loading C:/Users/LSH/Bible App/korean-bible-app/test/widget_test.dart
00:00 +0: (setUpAll)
00:00 +0: Korean Bible App smoke test
00:00 +1: Bottom navigation has 5 tabs
00:00 +2: Dark mode toggle exists in settings
00:00 +3: (tearDownAll)
00:00 +3: All tests passed!
